Microchip Technology Inc, v1.41 (A)

Tool Name:
  c:\program files (x86)\microchip\xc16\v1.41\bin\bin\..\bin/elf-ld.exe

Command:
  -p30F4011 \
  -o \
  dist/default/production/DSPIC-BLDC.X.production.elf \
  -Lc:/program files (x86)/microchip/xc16/v1.41/bin/bin/.. \
  -Lc:/program files (x86)/microchip/xc16/v1.41/bin/bin/../../lib \
  -Lc:/program files (x86)/microchip/xc16/v1.41/bin/bin/../../lib/PIC24E \
  -Lc:/program files (x86)/microchip/xc16/v1.41/bin/bin/../../support/PIC24E/gld \
  -Lc:/program files (x86)/microchip/xc16/v1.41/bin/bin/../../lib/PIC24F \
  -Lc:/program files (x86)/microchip/xc16/v1.41/bin/bin/../../support/PIC24F/gld \
  -Lc:/program files (x86)/microchip/xc16/v1.41/bin/bin/../../lib/PIC24H \
  -Lc:/program files (x86)/microchip/xc16/v1.41/bin/bin/../../support/PIC24H/gld \
  -Lc:/program files (x86)/microchip/xc16/v1.41/bin/bin/../../lib/dsPIC30F \
  -Lc:/program files (x86)/microchip/xc16/v1.41/bin/bin/../../support/dsPIC30F/gld \
  -Lc:/program files (x86)/microchip/xc16/v1.41/bin/bin/../../support/dsPIC33C/gld \
  -Lc:/program files (x86)/microchip/xc16/v1.41/bin/bin/../../lib/dsPIC33E \
  -Lc:/program files (x86)/microchip/xc16/v1.41/bin/bin/../../support/dsPIC33E/gld \
  -Lc:/program files (x86)/microchip/xc16/v1.41/bin/bin/../../lib/dsPIC33F \
  -Lc:/program files (x86)/microchip/xc16/v1.41/bin/bin/../../support/dsPIC33F/gld \
  build/default/production/system_config/system.o \
  build/default/production/driver/MCPWM.o \
  build/default/production/system_config/medium_event.o \
  build/default/production/system_config/slow_event.o \
  build/default/production/driver/adc.o \
  build/default/production/main_bldc.o \
  build/default/production/bldc.o \
  build/default/production/system_config/turning.o \
  build/default/production/pid.o \
  build/default/production/BEMF_filter.o \
  build/default/production/IIR_Filter.o \
  build/default/production/RTDM.o \
  --defsym=__MPLAB_BUILD=1 \
  -Tp30F4011.gld.00 \
  --stack=16 \
  --check-sections \
  --data-init \
  --pack-data \
  --handles \
  --isr \
  --no-gc-sections \
  --fill-upper=0 \
  --stackguard=16 \
  --no-force-link \
  --smart-io \
  -Map=dist/default/production/DSPIC-BLDC.X.production.map \
  --report-mem \
  --memorysummary \
  dist/default/production/memoryfile.xml \
  -start-group \
  --library=lega-pic30-elf \
  --library=m-elf \
  --library=lega-c-elf \
  -end-group \

Archive member included because of file (symbol)

c:/program files (x86)/microchip/xc16/v1.41/bin/bin/../../lib/dsPIC30F\libp30F4011-elf.a(BusyUART2.o)
                              build/default/production/RTDM.o (_BusyUART2)
c:/program files (x86)/microchip/xc16/v1.41/bin/bin/../../lib/dsPIC30F\libp30F4011-elf.a(CloseUART2.o)
                              build/default/production/RTDM.o (_CloseUART2)
c:/program files (x86)/microchip/xc16/v1.41/bin/bin/../../lib/dsPIC30F\libp30F4011-elf.a(ConfigIntUART2.o)
                              build/default/production/RTDM.o (_ConfigIntUART2)
c:/program files (x86)/microchip/xc16/v1.41/bin/bin/../../lib/dsPIC30F\libp30F4011-elf.a(DataRdyUART2.o)
                              build/default/production/RTDM.o (_DataRdyUART2)
c:/program files (x86)/microchip/xc16/v1.41/bin/bin/../../lib/dsPIC30F\libp30F4011-elf.a(OpenUART2.o)
                              build/default/production/RTDM.o (_OpenUART2)
c:/program files (x86)/microchip/xc16/v1.41/bin/bin/../../lib/dsPIC30F\libp30F4011-elf.a(putsUART2.o)
                              build/default/production/RTDM.o (_putsUART2)
c:/program files (x86)/microchip/xc16/v1.41/bin/bin/../../lib/dsPIC30F\libp30F4011-elf.a(ReadUART2.o)
                              build/default/production/RTDM.o (_ReadUART2)
c:/program files (x86)/microchip/xc16/v1.41/bin/bin/../../lib/dsPIC30F\libp30F4011-elf.a(WriteUART2.o)
                              build/default/production/RTDM.o (_WriteUART2)
c:/program files (x86)/microchip/xc16/v1.41/bin/bin/../../lib\liblega-pic30-elf.a(crt0_standard.o)
                              (__resetPRI)
c:/program files (x86)/microchip/xc16/v1.41/bin/bin/../../lib\liblega-pic30-elf.a(data_init_standard.o)
                              c:/program files (x86)/microchip/xc16/v1.41/bin/bin/../../lib\liblega-pic30-elf.a(crt0_standard.o) (__data_init_standard)
c:/program files (x86)/microchip/xc16/v1.41/bin/bin/../../lib\liblega-pic30-elf.a(crt_start_mode_normal.Leo)
                              (__crt_start_mode_normal)
c:/program files (x86)/microchip/xc16/v1.41/bin/bin/../../lib\libm-elf.a(udivsi3.eo)
                              build/default/production/system_config/medium_event.o (___udivsi3)
c:/program files (x86)/microchip/xc16/v1.41/bin/bin/../../lib\liblega-c-elf.a(memset.XX_eo)
                              build/default/production/RTDM.o (_memset)


Selected CodeGuard Options:
  FGS:GWRP:GWRP_OFF
  FGS:GCP:CODE_PROT_OFF

CodeGuard FLASH Memory:
[...]
Memory Configuration

Name             Origin             Length             Attributes
data             0x000800           0x000800           a !xr
reset            0x000000           0x000004  
ivt              0x000004           0x00007c  
_reserved        0x000080           0x000004  
aivt             0x000084           0x00007c  
program          0x000100           0x007f00           xr
eedata           0x7ffc00           0x000400  
FUID0            0x8005c0           0x000002  
FUID1            0x8005c2           0x000002  
FUID2            0x8005c4           0x000002  
FUID3            0x8005c6           0x000002  
FOSC             0xf80000           0x000002  
FWDT             0xf80002           0x000002  
FBORPOR          0xf80004           0x000002  
RESERVED1        0xf80006           0x000002  
RESERVED2        0xf80008           0x000002  
FGS              0xf8000a           0x000002  
FICD             0xf8000c           0x000002  
*default*        0x000000           0xffffffff  

Linker script and memory map

LOAD build/default/production/system_config/system.o
LOAD build/default/production/driver/MCPWM.o
LOAD build/default/production/system_config/medium_event.o
LOAD build/default/production/system_config/slow_event.o
LOAD build/default/production/driver/adc.o
LOAD build/default/production/main_bldc.o
LOAD build/default/production/bldc.o
LOAD build/default/production/system_config/turning.o
LOAD build/default/production/pid.o
LOAD build/default/production/BEMF_filter.o
LOAD build/default/production/IIR_Filter.o
LOAD build/default/production/RTDM.o
                    0x0001                  __MPLAB_BUILD = 0x1
LOAD c:/program files (x86)/microchip/xc16/v1.41/bin/bin/../../lib/dsPIC30F\libp30F4011-elf.a
LOAD c:/program files (x86)/microchip/xc16/v1.41/bin/bin/../../lib\libfx-elf.a
                    0x8005c0                  __FUID0 = 0x8005c0
                    0x8005c2                  __FUID1 = 0x8005c2
                    0x8005c4                  __FUID2 = 0x8005c4
                    0x8005c6                  __FUID3 = 0x8005c6
                    0xf80000                  __FOSC = 0xf80000
                    0xf80002                  __FWDT = 0xf80002
                    0xf80004                  __FBORPOR = 0xf80004
                    0xf80006                  __RESERVED1 = 0xf80006
                    0xf80008                  __RESERVED2 = 0xf80008
                    0xf8000a                  __FGS = 0xf8000a
                    0xf8000c                  __FICD = 0xf8000c
                    0x0001                  __NO_HANDLES = 0x1
                    0x0100                  __CODE_BASE = 0x100
                    0x7f00                  __CODE_LENGTH = 0x7f00
                    0x0004                  __IVT_BASE = 0x4
                    0x0084                  __AIVT_BASE = 0x84
                    0x0800                  __DATA_BASE = 0x800
                    0x0800                  __DATA_LENGTH = 0x800
                    0x0c00                  __YDATA_BASE = 0xc00

.reset            0x000000          0x4
                  0x000000          0x2 SHORT 0x100 ABSOLUTE (__reset)
                  0x000001          0x2 SHORT 0x4
                  0x000002          0x2 SHORT 0x0 ((ABSOLUTE (__reset) >> 0x10) & 0x7f)
                  0x000003          0x2 SHORT 0x0

.text             0x000100        0x42a
 *(.init)
 .init            0x000100         0x4c c:/program files (x86)/microchip/xc16/v1.41/bin/bin/../../lib\liblega-pic30-elf.a(crt0_standard.o)
                  0x000100                  __resetPRI
                  0x000100                  __reset
                  0x00013c                  __psv_init
 .init            0x00014c         0x7c c:/program files (x86)/microchip/xc16/v1.41/bin/bin/../../lib\liblega-pic30-elf.a(data_init_standard.o)
                  0x000152                  __data_init_standard
                  0x000152                  __data_init
 *(.user_init)
 *(.handle)
 *(.isr*)
 .isr.text        0x0001c8         0x30 build/default/production/system_config/system.o
                  0x0001c8                  __OscillatorFail
                  0x0001ce                  __AddressError
                  0x0001d4                  __StackError
                  0x0001da                  __MathError
                  0x0001e0                  __AltOscillatorFail
                  0x0001e6                  __AltAddressError
                  0x0001ec                  __AltStackError
                  0x0001f2                  __AltMathError
 .isr.text        0x0001f8        0x16c build/default/production/bldc.o
                  0x0001f8                  __ADCInterrupt
                  0x000296                  __T1Interrupt
                  0x0002be                  __T2Interrupt
                  0x0002f4                  __T3Interrupt
                  0x00032a                  __PWMInterrupt
 .isr.text        0x000364         0x6a build/default/production/RTDM.o
                  0x000364                  __U2RXInterrupt
 .isr             0x0003ce          0x4 default_isr
                  0x0003ce                  __DefaultInterrupt
 *(.libc)
 *(.libm)
 *(.libdsp)
 .libdsp          0x0003d2         0x78 build/default/production/pid.o
                  0x0003d2                  _PID
                  0x00040c                  _PIDInit
                  0x000424                  _PIDCoeffCalc
 *(.lib*)
 .libperi         0x00044a          0xa c:/program files (x86)/microchip/xc16/v1.41/bin/bin/../../lib/dsPIC30F\libp30F4011-elf.a(BusyUART2.o)
                  0x00044a                  _BusyUART2
 .libperi         0x000454          0xc c:/program files (x86)/microchip/xc16/v1.41/bin/bin/../../lib/dsPIC30F\libp30F4011-elf.a(CloseUART2.o)
                  0x000454                  _CloseUART2
 .libperi         0x000460         0x44 c:/program files (x86)/microchip/xc16/v1.41/bin/bin/../../lib/dsPIC30F\libp30F4011-elf.a(ConfigIntUART2.o)
                  0x000460                  _ConfigIntUART2
 .libperi         0x0004a4          0x6 c:/program files (x86)/microchip/xc16/v1.41/bin/bin/../../lib/dsPIC30F\libp30F4011-elf.a(DataRdyUART2.o)
                  0x0004a4                  _DataRdyUART2
 .libperi         0x0004aa          0x8 c:/program files (x86)/microchip/xc16/v1.41/bin/bin/../../lib/dsPIC30F\libp30F4011-elf.a(OpenUART2.o)
                  0x0004aa                  _OpenUART2
 .libperi         0x0004b2         0x28 c:/program files (x86)/microchip/xc16/v1.41/bin/bin/../../lib/dsPIC30F\libp30F4011-elf.a(putsUART2.o)
                  0x0004b2                  _putsUART2
 .libperi         0x0004da         0x12 c:/program files (x86)/microchip/xc16/v1.41/bin/bin/../../lib/dsPIC30F\libp30F4011-elf.a(ReadUART2.o)
                  0x0004da                  _ReadUART2
 .libperi         0x0004ec          0xe c:/program files (x86)/microchip/xc16/v1.41/bin/bin/../../lib/dsPIC30F\libp30F4011-elf.a(WriteUART2.o)
                  0x0004ec                  _WriteUART2
 .libpic30_crt_start_mode
                  0x0004fa          0x2 c:/program files (x86)/microchip/xc16/v1.41/bin/bin/../../lib\liblega-pic30-elf.a(crt_start_mode_normal.Leo)
                  0x0004fa                  __crt_start_mode
                  0x0004fa                  __crt_start_mode_normal
 .libm.udivsi3    0x0004fc         0x20 c:/program files (x86)/microchip/xc16/v1.41/bin/bin/../../lib\libm-elf.a(udivsi3.eo)
                  0x0004fc                  ___udivsi3
 .libc.memset     0x00051c          0xe c:/program files (x86)/microchip/xc16/v1.41/bin/bin/../../lib\liblega-c-elf.a(memset.XX_eo)
                  0x00051c                  _memset

usercode
 *(usercode)

__FUID0
 *(__FUID0.sec*)

__FUID1
 *(__FUID1.sec*)

__FUID2
 *(__FUID2.sec*)

__FUID3
 *(__FUID3.sec*)

__FOSC
 *(__FOSC.sec*)

__FWDT
 *(__FWDT.sec*)

__FBORPOR
 *(__FBORPOR.sec*)

__RESERVED1
 *(__RESERVED1.sec*)

__RESERVED2
 *(__RESERVED2.sec*)

__FGS             0xf8000a          0x2
 *(__FGS.sec*)
 __FGS.sec        0xf8000a          0x2 /CW/_FGSÐmÍ
                  0xf8000a                  __FGS.sec

__FICD
 *(__FICD.sec*)

user_eedata
 *(user_eedata)

userdata
 *(userdata)

.comment
 *(.comment)

.debug_info       0x000000       0x4e28
 *(.debug_info)
 .debug_info      0x000000        0x317 build/default/production/system_config/system.o
 .debug_info      0x000317        0x3a4 build/default/production/driver/MCPWM.o
 .debug_info      0x0006bb        0xc9d build/default/production/system_config/medium_event.o
 .debug_info      0x001358        0x398 build/default/production/system_config/slow_event.o
 .debug_info      0x0016f0        0x80e build/default/production/driver/adc.o
 .debug_info      0x001efe        0xc34 build/default/production/main_bldc.o
 .debug_info      0x002b32       0x112e build/default/production/bldc.o
 .debug_info      0x003c60        0x938 build/default/production/system_config/turning.o
 .debug_info      0x004598         0x82 build/default/production/pid.o
 .debug_info      0x00461a         0x89 build/default/production/IIR_Filter.o
 .debug_info      0x0046a3        0x785 build/default/production/RTDM.o
 *(.gnu.linkonce.wi.*)

.debug_abbrev     0x000000        0xa26
 *(.debug_abbrev)
 .debug_abbrev    0x000000         0x8a build/default/production/system_config/system.o
 .debug_abbrev    0x00008a         0x9b build/default/production/driver/MCPWM.o
 .debug_abbrev    0x000125        0x160 build/default/production/system_config/medium_event.o
 .debug_abbrev    0x000285         0xee build/default/production/system_config/slow_event.o
 .debug_abbrev    0x000373         0xc5 build/default/production/driver/adc.o
 .debug_abbrev    0x000438        0x17b build/default/production/main_bldc.o
 .debug_abbrev    0x0005b3        0x1d6 build/default/production/bldc.o
 .debug_abbrev    0x000789        0x111 build/default/production/system_config/turning.o
 .debug_abbrev    0x00089a         0x14 build/default/production/pid.o
 .debug_abbrev    0x0008ae         0x14 build/default/production/IIR_Filter.o
 .debug_abbrev    0x0008c2        0x164 build/default/production/RTDM.o

.debug_line       0x000000        0xd3b
 *(.debug_line)
 .debug_line      0x000000        0x10c build/default/production/system_config/system.o
 .debug_line      0x00010c         0xf6 build/default/production/driver/MCPWM.o
 .debug_line      0x000202        0x200 build/default/production/system_config/medium_event.o
 .debug_line      0x000402        0x11f build/default/production/system_config/slow_event.o
 .debug_line      0x000521         0xfc build/default/production/driver/adc.o
 .debug_line      0x00061d        0x14c build/default/production/main_bldc.o
 .debug_line      0x000769        0x257 build/default/production/bldc.o
 .debug_line      0x0009c0         0xfe build/default/production/system_config/turning.o
 .debug_line      0x000abe         0x70 build/default/production/pid.o
 .debug_line      0x000b2e         0x1a build/default/production/BEMF_filter.o
 .debug_line      0x000b48         0x71 build/default/production/IIR_Filter.o
 .debug_line      0x000bb9        0x182 build/default/production/RTDM.o

.debug_frame      0x000000        0x47c
 *(.debug_frame)
 .debug_frame     0x000000         0xf4 build/default/production/system_config/system.o
 .debug_frame     0x0000f4         0x30 build/default/production/driver/MCPWM.o
 .debug_frame     0x000124         0x30 build/default/production/system_config/medium_event.o
 .debug_frame     0x000154         0x30 build/default/production/system_config/slow_event.o
 .debug_frame     0x000184         0x30 build/default/production/driver/adc.o
 .debug_frame     0x0001b4         0x4c build/default/production/main_bldc.o
 .debug_frame     0x000200        0x180 build/default/production/bldc.o
 .debug_frame     0x000380         0x30 build/default/production/system_config/turning.o
 .debug_frame     0x0003b0         0xcc build/default/production/RTDM.o

.debug_str        0x000000        0x930
 *(.debug_str)
 .debug_str       0x000000          0xc build/default/production/system_config/system.o
 .debug_str       0x00000c         0x12 build/default/production/driver/MCPWM.o
 .debug_str       0x00001e        0x18e build/default/production/system_config/medium_event.o
 .debug_str       0x0001ac         0x2c build/default/production/system_config/slow_event.o
 .debug_str       0x0001d8         0x28 build/default/production/driver/adc.o
 .debug_str       0x000200         0x9b build/default/production/main_bldc.o
 .debug_str       0x00029b        0x1d6 build/default/production/bldc.o
 .debug_str       0x000471        0x3a3 build/default/production/system_config/turning.o
 .debug_str       0x000814        0x11c build/default/production/RTDM.o

.debug_loc
 *(.debug_loc)

.debug_macinfo
 *(.debug_macinfo)

.debug_pubnames
                  0x000000        0xb4c
 *(.debug_pubnames)
 .debug_pubnames
                  0x000000         0xa8 build/default/production/system_config/system.o
 .debug_pubnames
                  0x0000a8         0x27 build/default/production/driver/MCPWM.o
 .debug_pubnames
                  0x0000cf         0x4a build/default/production/system_config/medium_event.o
 .debug_pubnames
                  0x000119         0x20 build/default/production/system_config/slow_event.o
 .debug_pubnames
                  0x000139         0x1f build/default/production/driver/adc.o
 .debug_pubnames
                  0x000158         0xc5 build/default/production/main_bldc.o
 .debug_pubnames
                  0x00021d        0x2c3 build/default/production/bldc.o
 .debug_pubnames
                  0x0004e0        0x48b build/default/production/system_config/turning.o
 .debug_pubnames
                  0x00096b        0x1e1 build/default/production/RTDM.o

.debug_ranges
 *(.debug_ranges)

.debug_aranges    0x000000        0x108
 *(.debug_aranges)
 .debug_aranges
                  0x000000         0x18 build/default/production/system_config/system.o
 .debug_aranges
                  0x000018         0x18 build/default/production/driver/MCPWM.o
 .debug_aranges
                  0x000030         0x18 build/default/production/system_config/medium_event.o
 .debug_aranges
                  0x000048         0x18 build/default/production/system_config/slow_event.o
 .debug_aranges
                  0x000060         0x18 build/default/production/driver/adc.o
 .debug_aranges
                  0x000078         0x18 build/default/production/main_bldc.o
 .debug_aranges
                  0x000090         0x18 build/default/production/bldc.o
 .debug_aranges
                  0x0000a8         0x18 build/default/production/system_config/turning.o
 .debug_aranges
                  0x0000c0         0x18 build/default/production/pid.o
 .debug_aranges
                  0x0000d8         0x18 build/default/production/IIR_Filter.o
 .debug_aranges
                  0x0000f0         0x18 build/default/production/RTDM.o
                    0x0000                  WREG0 = 0x0
                    0x0000                  _WREG0 = 0x0
                    0x0002                  WREG1 = 0x2
                    0x0002                  _WREG1 = 0x2
                    0x0004                  WREG2 = 0x4
                    0x0004                  _WREG2 = 0x4
                    0x0006                  WREG3 = 0x6
                    0x0006                  _WREG3 = 0x6
                    0x0008                  WREG4 = 0x8
                    0x0008                  _WREG4 = 0x8
                    0x000a                  WREG5 = 0xa
                    0x000a                  _WREG5 = 0xa
                    0x000c                  WREG6 = 0xc
                    0x000c                  _WREG6 = 0xc
                    0x000e                  WREG7 = 0xe
                    0x000e                  _WREG7 = 0xe
                    0x0010                  WREG8 = 0x10
                    0x0010                  _WREG8 = 0x10
                    0x0012                  WREG9 = 0x12
                    0x0012                  _WREG9 = 0x12
                    0x0014                  WREG10 = 0x14
                    0x0014                  _WREG10 = 0x14
                    0x0016                  WREG11 = 0x16
                    0x0016                  _WREG11 = 0x16
                    0x0018                  WREG12 = 0x18
                    0x0018                  _WREG12 = 0x18
                    0x001a                  WREG13 = 0x1a
                    0x001a                  _WREG13 = 0x1a
                    0x001c                  WREG14 = 0x1c
                    0x001c                  _WREG14 = 0x1c
                    0x001e                  WREG15 = 0x1e
                    0x001e                  _WREG15 = 0x1e
                    0x0020                  SPLIM = 0x20
                    0x0020                  _SPLIM = 0x20
                    0x0022                  ACCAL = 0x22
                    0x0022                  _ACCAL = 0x22
                    0x0024                  ACCAH = 0x24
                    0x0024                  _ACCAH = 0x24
                    0x0026                  ACCAU = 0x26
                    0x0026                  _ACCAU = 0x26
                    0x0028                  ACCBL = 0x28
                    0x0028                  _ACCBL = 0x28
                    0x002a                  ACCBH = 0x2a
                    0x002a                  _ACCBH = 0x2a
                    0x002c                  ACCBU = 0x2c
                    0x002c                  _ACCBU = 0x2c
                    0x002e                  PCL = 0x2e
                    0x002e                  _PCL = 0x2e
                    0x0030                  PCH = 0x30
                    0x0030                  _PCH = 0x30
                    0x0032                  TBLPAG = 0x32
                    0x0032                  _TBLPAG = 0x32
                    0x0034                  PSVPAG = 0x34
                    0x0034                  _PSVPAG = 0x34
                    0x0036                  RCOUNT = 0x36
                    0x0036                  _RCOUNT = 0x36
                    0x0038                  DCOUNT = 0x38
                    0x0038                  _DCOUNT = 0x38
                    0x003a                  DOSTARTL = 0x3a
                    0x003a                  _DOSTARTL = 0x3a
                    0x003c                  DOSTARTH = 0x3c
                    0x003c                  _DOSTARTH = 0x3c
                    0x003e                  DOENDL = 0x3e
                    0x003e                  _DOENDL = 0x3e
                    0x0040                  DOENDH = 0x40
                    0x0040                  _DOENDH = 0x40
                    0x0042                  SR = 0x42
                    0x0042                  _SR = 0x42
                    0x0042                  _SRbits = 0x42
                    0x0044                  CORCON = 0x44
                    0x0044                  _CORCON = 0x44
                    0x0044                  _CORCONbits = 0x44
                    0x0046                  MODCON = 0x46
                    0x0046                  _MODCON = 0x46
                    0x0046                  _MODCONbits = 0x46
                    0x0048                  XMODSRT = 0x48
                    0x0048                  _XMODSRT = 0x48
                    0x004a                  XMODEND = 0x4a
                    0x004a                  _XMODEND = 0x4a
                    0x004c                  YMODSRT = 0x4c
                    0x004c                  _YMODSRT = 0x4c
                    0x004e                  YMODEND = 0x4e
                    0x004e                  _YMODEND = 0x4e
                    0x0050                  XBREV = 0x50
                    0x0050                  _XBREV = 0x50
                    0x0050                  _XBREVbits = 0x50
                    0x0052                  DISICNT = 0x52
                    0x0052                  _DISICNT = 0x52
                    0x0052                  _DISICNTbits = 0x52
                    0x0080                  INTCON1 = 0x80
                    0x0080                  _INTCON1 = 0x80
                    0x0080                  _INTCON1bits = 0x80
                    0x0082                  INTCON2 = 0x82
                    0x0082                  _INTCON2 = 0x82
                    0x0082                  _INTCON2bits = 0x82
                    0x0084                  IFS0 = 0x84
                    0x0084                  _IFS0 = 0x84
                    0x0084                  _IFS0bits = 0x84
                    0x0086                  IFS1 = 0x86
                    0x0086                  _IFS1 = 0x86
                    0x0086                  _IFS1bits = 0x86
                    0x0088                  IFS2 = 0x88
                    0x0088                  _IFS2 = 0x88
                    0x0088                  _IFS2bits = 0x88
                    0x008c                  IEC0 = 0x8c
                    0x008c                  _IEC0 = 0x8c
                    0x008c                  _IEC0bits = 0x8c
                    0x008e                  IEC1 = 0x8e
                    0x008e                  _IEC1 = 0x8e
                    0x008e                  _IEC1bits = 0x8e
                    0x0090                  IEC2 = 0x90
                    0x0090                  _IEC2 = 0x90
                    0x0090                  _IEC2bits = 0x90
                    0x0094                  IPC0 = 0x94
                    0x0094                  _IPC0 = 0x94
                    0x0094                  _IPC0bits = 0x94
                    0x0096                  IPC1 = 0x96
                    0x0096                  _IPC1 = 0x96
                    0x0096                  _IPC1bits = 0x96
                    0x0098                  IPC2 = 0x98
                    0x0098                  _IPC2 = 0x98
                    0x0098                  _IPC2bits = 0x98
                    0x009a                  IPC3 = 0x9a
                    0x009a                  _IPC3 = 0x9a
                    0x009a                  _IPC3bits = 0x9a
                    0x009c                  IPC4 = 0x9c
                    0x009c                  _IPC4 = 0x9c
                    0x009c                  _IPC4bits = 0x9c
                    0x009e                  IPC5 = 0x9e
                    0x009e                  _IPC5 = 0x9e
                    0x009e                  _IPC5bits = 0x9e
                    0x00a0                  IPC6 = 0xa0
                    0x00a0                  _IPC6 = 0xa0
                    0x00a0                  _IPC6bits = 0xa0
                    0x00a6                  IPC9 = 0xa6
                    0x00a6                  _IPC9 = 0xa6
                    0x00a6                  _IPC9bits = 0xa6
                    0x00a8                  IPC10 = 0xa8
                    0x00a8                  _IPC10 = 0xa8
                    0x00a8                  _IPC10bits = 0xa8
                    0x00b0                  INTTREG = 0xb0
                    0x00b0                  _INTTREG = 0xb0
                    0x00b0                  _INTTREGbits = 0xb0
                    0x00c0                  CNEN1 = 0xc0
                    0x00c0                  _CNEN1 = 0xc0
                    0x00c0                  _CNEN1bits = 0xc0
                    0x00c2                  CNEN2 = 0xc2
                    0x00c2                  _CNEN2 = 0xc2
                    0x00c2                  _CNEN2bits = 0xc2
                    0x00c4                  CNPU1 = 0xc4
                    0x00c4                  _CNPU1 = 0xc4
                    0x00c4                  _CNPU1bits = 0xc4
                    0x00c6                  CNPU2 = 0xc6
                    0x00c6                  _CNPU2 = 0xc6
                    0x00c6                  _CNPU2bits = 0xc6
                    0x0100                  TMR1 = 0x100
                    0x0100                  _TMR1 = 0x100
                    0x0102                  PR1 = 0x102
                    0x0102                  _PR1 = 0x102
                    0x0104                  T1CON = 0x104
                    0x0104                  _T1CON = 0x104
                    0x0104                  _T1CONbits = 0x104
                    0x0106                  TMR2 = 0x106
                    0x0106                  _TMR2 = 0x106
                    0x0108                  TMR3HLD = 0x108
                    0x0108                  _TMR3HLD = 0x108
                    0x010a                  TMR3 = 0x10a
                    0x010a                  _TMR3 = 0x10a
                    0x010c                  PR2 = 0x10c
                    0x010c                  _PR2 = 0x10c
                    0x010e                  PR3 = 0x10e
                    0x010e                  _PR3 = 0x10e
                    0x0110                  T2CON = 0x110
                    0x0110                  _T2CON = 0x110
                    0x0110                  _T2CONbits = 0x110
                    0x0112                  T3CON = 0x112
                    0x0112                  _T3CON = 0x112
                    0x0112                  _T3CONbits = 0x112
                    0x0114                  TMR4 = 0x114
                    0x0114                  _TMR4 = 0x114
                    0x0116                  TMR5HLD = 0x116
                    0x0116                  _TMR5HLD = 0x116
                    0x0118                  TMR5 = 0x118
                    0x0118                  _TMR5 = 0x118
                    0x011a                  PR4 = 0x11a
                    0x011a                  _PR4 = 0x11a
                    0x011c                  PR5 = 0x11c
                    0x011c                  _PR5 = 0x11c
                    0x011e                  T4CON = 0x11e
                    0x011e                  _T4CON = 0x11e
                    0x011e                  _T4CONbits = 0x11e
                    0x0120                  T5CON = 0x120
                    0x0120                  _T5CON = 0x120
                    0x0120                  _T5CONbits = 0x120
                    0x0122                  QEICON = 0x122
                    0x0122                  _QEICON = 0x122
                    0x0122                  _QEICONbits = 0x122
                    0x0124                  DFLTCON = 0x124
                    0x0124                  _DFLTCON = 0x124
                    0x0124                  _DFLTCONbits = 0x124
                    0x0126                  POSCNT = 0x126
                    0x0126                  _POSCNT = 0x126
                    0x0128                  MAXCNT = 0x128
                    0x0128                  _MAXCNT = 0x128
                    0x0140                  IC1BUF = 0x140
                    0x0140                  _IC1BUF = 0x140
                    0x0142                  IC1CON = 0x142
                    0x0142                  _IC1CON = 0x142
                    0x0142                  _IC1CONbits = 0x142
                    0x0144                  IC2BUF = 0x144
                    0x0144                  _IC2BUF = 0x144
                    0x0146                  IC2CON = 0x146
                    0x0146                  _IC2CON = 0x146
                    0x0146                  _IC2CONbits = 0x146
                    0x0158                  IC7BUF = 0x158
                    0x0158                  _IC7BUF = 0x158
                    0x015a                  IC7CON = 0x15a
                    0x015a                  _IC7CON = 0x15a
                    0x015a                  _IC7CONbits = 0x15a
                    0x015c                  IC8BUF = 0x15c
                    0x015c                  _IC8BUF = 0x15c
                    0x015e                  IC8CON = 0x15e
                    0x015e                  _IC8CON = 0x15e
                    0x015e                  _IC8CONbits = 0x15e
                    0x0180                  OC1RS = 0x180
                    0x0180                  _OC1RS = 0x180
                    0x0182                  OC1R = 0x182
                    0x0182                  _OC1R = 0x182
                    0x0184                  OC1CON = 0x184
                    0x0184                  _OC1CON = 0x184
                    0x0184                  _OC1CONbits = 0x184
                    0x0186                  OC2RS = 0x186
                    0x0186                  _OC2RS = 0x186
                    0x0188                  OC2R = 0x188
                    0x0188                  _OC2R = 0x188
                    0x018a                  OC2CON = 0x18a
                    0x018a                  _OC2CON = 0x18a
                    0x018a                  _OC2CONbits = 0x18a
                    0x018c                  OC3RS = 0x18c
                    0x018c                  _OC3RS = 0x18c
                    0x018e                  OC3R = 0x18e
                    0x018e                  _OC3R = 0x18e
                    0x0190                  OC3CON = 0x190
                    0x0190                  _OC3CON = 0x190
                    0x0190                  _OC3CONbits = 0x190
                    0x0192                  OC4RS = 0x192
                    0x0192                  _OC4RS = 0x192
                    0x0194                  OC4R = 0x194
                    0x0194                  _OC4R = 0x194
                    0x0196                  OC4CON = 0x196
                    0x0196                  _OC4CON = 0x196
                    0x0196                  _OC4CONbits = 0x196
                    0x01c0                  PTCON = 0x1c0
                    0x01c0                  _PTCON = 0x1c0
                    0x01c0                  _PTCONbits = 0x1c0
                    0x01c2                  PTMR = 0x1c2
                    0x01c2                  _PTMR = 0x1c2
                    0x01c2                  _PTMRbits = 0x1c2
                    0x01c4                  PTPER = 0x1c4
                    0x01c4                  _PTPER = 0x1c4
                    0x01c4                  _PTPERbits = 0x1c4
                    0x01c6                  SEVTCMP = 0x1c6
                    0x01c6                  _SEVTCMP = 0x1c6
                    0x01c6                  _SEVTCMPbits = 0x1c6
                    0x01c8                  PWMCON1 = 0x1c8
                    0x01c8                  _PWMCON1 = 0x1c8
                    0x01c8                  _PWMCON1bits = 0x1c8
                    0x01ca                  PWMCON2 = 0x1ca
                    0x01ca                  _PWMCON2 = 0x1ca
                    0x01ca                  _PWMCON2bits = 0x1ca
                    0x01cc                  DTCON1 = 0x1cc
                    0x01cc                  _DTCON1 = 0x1cc
                    0x01cc                  _DTCON1bits = 0x1cc
                    0x01d0                  FLTACON = 0x1d0
                    0x01d0                  _FLTACON = 0x1d0
                    0x01d0                  _FLTACONbits = 0x1d0
                    0x01d4                  OVDCON = 0x1d4
                    0x01d4                  _OVDCON = 0x1d4
                    0x01d4                  _OVDCONbits = 0x1d4
                    0x01d6                  PDC1 = 0x1d6
                    0x01d6                  _PDC1 = 0x1d6
                    0x01d8                  PDC2 = 0x1d8
                    0x01d8                  _PDC2 = 0x1d8
                    0x01da                  PDC3 = 0x1da
                    0x01da                  _PDC3 = 0x1da
                    0x0200                  I2CRCV = 0x200
                    0x0200                  _I2CRCV = 0x200
                    0x0200                  _I2CRCVbits = 0x200
                    0x0202                  I2CTRN = 0x202
                    0x0202                  _I2CTRN = 0x202
                    0x0202                  _I2CTRNbits = 0x202
                    0x0204                  I2CBRG = 0x204
                    0x0204                  _I2CBRG = 0x204
                    0x0204                  _I2CBRGbits = 0x204
                    0x0206                  I2CCON = 0x206
                    0x0206                  _I2CCON = 0x206
                    0x0206                  _I2CCONbits = 0x206
                    0x0208                  I2CSTAT = 0x208
                    0x0208                  _I2CSTAT = 0x208
                    0x0208                  _I2CSTATbits = 0x208
                    0x020a                  I2CADD = 0x20a
                    0x020a                  _I2CADD = 0x20a
                    0x020a                  _I2CADDbits = 0x20a
                    0x020c                  U1MODE = 0x20c
                    0x020c                  _U1MODE = 0x20c
                    0x020c                  _U1MODEbits = 0x20c
                    0x020e                  U1STA = 0x20e
                    0x020e                  _U1STA = 0x20e
                    0x020e                  _U1STAbits = 0x20e
                    0x0210                  U1TXREG = 0x210
                    0x0210                  _U1TXREG = 0x210
                    0x0210                  _U1TXREGbits = 0x210
                    0x0212                  U1RXREG = 0x212
                    0x0212                  _U1RXREG = 0x212
                    0x0212                  _U1RXREGbits = 0x212
                    0x0214                  U1BRG = 0x214
                    0x0214                  _U1BRG = 0x214
                    0x0216                  U2MODE = 0x216
                    0x0216                  _U2MODE = 0x216
                    0x0216                  _U2MODEbits = 0x216
                    0x0218                  U2STA = 0x218
                    0x0218                  _U2STA = 0x218
                    0x0218                  _U2STAbits = 0x218
                    0x021a                  U2TXREG = 0x21a
                    0x021a                  _U2TXREG = 0x21a
                    0x021a                  _U2TXREGbits = 0x21a
                    0x021c                  U2RXREG = 0x21c
                    0x021c                  _U2RXREG = 0x21c
                    0x021c                  _U2RXREGbits = 0x21c
                    0x021e                  U2BRG = 0x21e
                    0x021e                  _U2BRG = 0x21e
                    0x0220                  SPI1STAT = 0x220
                    0x0220                  _SPI1STAT = 0x220
                    0x0220                  _SPI1STATbits = 0x220
                    0x0222                  SPI1CON = 0x222
                    0x0222                  _SPI1CON = 0x222
                    0x0222                  _SPI1CONbits = 0x222
                    0x0224                  SPI1BUF = 0x224
                    0x0224                  _SPI1BUF = 0x224
                    0x0280                  ADCBUF0 = 0x280
                    0x0280                  _ADCBUF0 = 0x280
                    0x0282                  ADCBUF1 = 0x282
                    0x0282                  _ADCBUF1 = 0x282
                    0x0284                  ADCBUF2 = 0x284
                    0x0284                  _ADCBUF2 = 0x284
                    0x0286                  ADCBUF3 = 0x286
                    0x0286                  _ADCBUF3 = 0x286
                    0x0288                  ADCBUF4 = 0x288
                    0x0288                  _ADCBUF4 = 0x288
                    0x028a                  ADCBUF5 = 0x28a
                    0x028a                  _ADCBUF5 = 0x28a
                    0x028c                  ADCBUF6 = 0x28c
                    0x028c                  _ADCBUF6 = 0x28c
                    0x028e                  ADCBUF7 = 0x28e
                    0x028e                  _ADCBUF7 = 0x28e
                    0x0290                  ADCBUF8 = 0x290
                    0x0290                  _ADCBUF8 = 0x290
                    0x0292                  ADCBUF9 = 0x292
                    0x0292                  _ADCBUF9 = 0x292
                    0x0294                  ADCBUFA = 0x294
                    0x0294                  _ADCBUFA = 0x294
                    0x0296                  ADCBUFB = 0x296
                    0x0296                  _ADCBUFB = 0x296
                    0x0298                  ADCBUFC = 0x298
                    0x0298                  _ADCBUFC = 0x298
                    0x029a                  ADCBUFD = 0x29a
                    0x029a                  _ADCBUFD = 0x29a
                    0x029c                  ADCBUFE = 0x29c
                    0x029c                  _ADCBUFE = 0x29c
                    0x029e                  ADCBUFF = 0x29e
                    0x029e                  _ADCBUFF = 0x29e
                    0x02a0                  ADCON1 = 0x2a0
                    0x02a0                  _ADCON1 = 0x2a0
                    0x02a0                  _ADCON1bits = 0x2a0
                    0x02a2                  ADCON2 = 0x2a2
                    0x02a2                  _ADCON2 = 0x2a2
                    0x02a2                  _ADCON2bits = 0x2a2
                    0x02a4                  ADCON3 = 0x2a4
                    0x02a4                  _ADCON3 = 0x2a4
                    0x02a4                  _ADCON3bits = 0x2a4
                    0x02a6                  ADCHS = 0x2a6
                    0x02a6                  _ADCHS = 0x2a6
                    0x02a6                  _ADCHSbits = 0x2a6
                    0x02a8                  ADPCFG = 0x2a8
                    0x02a8                  _ADPCFG = 0x2a8
                    0x02a8                  _ADPCFGbits = 0x2a8
                    0x02aa                  ADCSSL = 0x2aa
                    0x02aa                  _ADCSSL = 0x2aa
                    0x02aa                  _ADCSSLbits = 0x2aa
                    0x02c6                  TRISB = 0x2c6
                    0x02c6                  _TRISB = 0x2c6
                    0x02c6                  _TRISBbits = 0x2c6
                    0x02c8                  PORTB = 0x2c8
                    0x02c8                  _PORTB = 0x2c8
                    0x02c8                  _PORTBbits = 0x2c8
                    0x02ca                  LATB = 0x2ca
                    0x02ca                  _LATB = 0x2ca
                    0x02ca                  _LATBbits = 0x2ca
                    0x02cc                  TRISC = 0x2cc
                    0x02cc                  _TRISC = 0x2cc
                    0x02cc                  _TRISCbits = 0x2cc
                    0x02ce                  PORTC = 0x2ce
                    0x02ce                  _PORTC = 0x2ce
                    0x02ce                  _PORTCbits = 0x2ce
                    0x02d0                  LATC = 0x2d0
                    0x02d0                  _LATC = 0x2d0
                    0x02d0                  _LATCbits = 0x2d0
                    0x02d2                  TRISD = 0x2d2
                    0x02d2                  _TRISD = 0x2d2
                    0x02d2                  _TRISDbits = 0x2d2
                    0x02d4                  PORTD = 0x2d4
                    0x02d4                  _PORTD = 0x2d4
                    0x02d4                  _PORTDbits = 0x2d4
                    0x02d6                  LATD = 0x2d6
                    0x02d6                  _LATD = 0x2d6
                    0x02d6                  _LATDbits = 0x2d6
                    0x02d8                  TRISE = 0x2d8
                    0x02d8                  _TRISE = 0x2d8
                    0x02d8                  _TRISEbits = 0x2d8
                    0x02da                  PORTE = 0x2da
                    0x02da                  _PORTE = 0x2da
                    0x02da                  _PORTEbits = 0x2da
                    0x02dc                  LATE = 0x2dc
                    0x02dc                  _LATE = 0x2dc
                    0x02dc                  _LATEbits = 0x2dc
                    0x02de                  TRISF = 0x2de
                    0x02de                  _TRISF = 0x2de
                    0x02de                  _TRISFbits = 0x2de
                    0x02e0                  PORTF = 0x2e0
                    0x02e0                  _PORTF = 0x2e0
                    0x02e0                  _PORTFbits = 0x2e0
                    0x02e2                  LATF = 0x2e2
                    0x02e2                  _LATF = 0x2e2
                    0x02e2                  _LATFbits = 0x2e2
                    0x0300                  C1RXF0SID = 0x300
                    0x0300                  _C1RXF0SID = 0x300
                    0x0300                  _C1RXF0SIDbits = 0x300
                    0x0302                  C1RXF0EIDH = 0x302
                    0x0302                  _C1RXF0EIDH = 0x302
                    0x0302                  _C1RXF0EIDHbits = 0x302
                    0x0304                  C1RXF0EIDL = 0x304
                    0x0304                  _C1RXF0EIDL = 0x304
                    0x0304                  _C1RXF0EIDLbits = 0x304
                    0x0308                  C1RXF1SID = 0x308
                    0x0308                  _C1RXF1SID = 0x308
                    0x0308                  _C1RXF1SIDbits = 0x308
                    0x030a                  C1RXF1EIDH = 0x30a
                    0x030a                  _C1RXF1EIDH = 0x30a
                    0x030a                  _C1RXF1EIDHbits = 0x30a
                    0x030c                  C1RXF1EIDL = 0x30c
                    0x030c                  _C1RXF1EIDL = 0x30c
                    0x030c                  _C1RXF1EIDLbits = 0x30c
                    0x0310                  C1RXF2SID = 0x310
                    0x0310                  _C1RXF2SID = 0x310
                    0x0310                  _C1RXF2SIDbits = 0x310
                    0x0312                  C1RXF2EIDH = 0x312
                    0x0312                  _C1RXF2EIDH = 0x312
                    0x0312                  _C1RXF2EIDHbits = 0x312
                    0x0314                  C1RXF2EIDL = 0x314
                    0x0314                  _C1RXF2EIDL = 0x314
                    0x0314                  _C1RXF2EIDLbits = 0x314
                    0x0318                  C1RXF3SID = 0x318
                    0x0318                  _C1RXF3SID = 0x318
                    0x0318                  _C1RXF3SIDbits = 0x318
                    0x031a                  C1RXF3EIDH = 0x31a
                    0x031a                  _C1RXF3EIDH = 0x31a
                    0x031a                  _C1RXF3EIDHbits = 0x31a
                    0x031c                  C1RXF3EIDL = 0x31c
                    0x031c                  _C1RXF3EIDL = 0x31c
                    0x031c                  _C1RXF3EIDLbits = 0x31c
                    0x0320                  C1RXF4SID = 0x320
                    0x0320                  _C1RXF4SID = 0x320
                    0x0320                  _C1RXF4SIDbits = 0x320
                    0x0322                  C1RXF4EIDH = 0x322
                    0x0322                  _C1RXF4EIDH = 0x322
                    0x0322                  _C1RXF4EIDHbits = 0x322
                    0x0324                  C1RXF4EIDL = 0x324
                    0x0324                  _C1RXF4EIDL = 0x324
                    0x0324                  _C1RXF4EIDLbits = 0x324
                    0x0328                  C1RXF5SID = 0x328
                    0x0328                  _C1RXF5SID = 0x328
                    0x0328                  _C1RXF5SIDbits = 0x328
                    0x032a                  C1RXF5EIDH = 0x32a
                    0x032a                  _C1RXF5EIDH = 0x32a
                    0x032a                  _C1RXF5EIDHbits = 0x32a
                    0x032c                  C1RXF5EIDL = 0x32c
                    0x032c                  _C1RXF5EIDL = 0x32c
                    0x032c                  _C1RXF5EIDLbits = 0x32c
                    0x0330                  C1RXM0SID = 0x330
                    0x0330                  _C1RXM0SID = 0x330
                    0x0330                  _C1RXM0SIDbits = 0x330
                    0x0332                  C1RXM0EIDH = 0x332
                    0x0332                  _C1RXM0EIDH = 0x332
                    0x0332                  _C1RXM0EIDHbits = 0x332
                    0x0334                  C1RXM0EIDL = 0x334
                    0x0334                  _C1RXM0EIDL = 0x334
                    0x0334                  _C1RXM0EIDLbits = 0x334
                    0x0338                  C1RXM1SID = 0x338
                    0x0338                  _C1RXM1SID = 0x338
                    0x0338                  _C1RXM1SIDbits = 0x338
                    0x033a                  C1RXM1EIDH = 0x33a
                    0x033a                  _C1RXM1EIDH = 0x33a
                    0x033a                  _C1RXM1EIDHbits = 0x33a
                    0x033c                  C1RXM1EIDL = 0x33c
                    0x033c                  _C1RXM1EIDL = 0x33c
                    0x033c                  _C1RXM1EIDLbits = 0x33c
                    0x0340                  C1TX2SID = 0x340
                    0x0340                  _C1TX2SID = 0x340
                    0x0340                  _C1TX2SIDbits = 0x340
                    0x0342                  C1TX2EID = 0x342
                    0x0342                  _C1TX2EID = 0x342
                    0x0342                  _C1TX2EIDbits = 0x342
                    0x0344                  C1TX2DLC = 0x344
                    0x0344                  _C1TX2DLC = 0x344
                    0x0344                  _C1TX2DLCbits = 0x344
                    0x0346                  C1TX2B1 = 0x346
                    0x0346                  _C1TX2B1 = 0x346
                    0x0346                  _C1TX2B1bits = 0x346
                    0x0348                  C1TX2B2 = 0x348
                    0x0348                  _C1TX2B2 = 0x348
                    0x0348                  _C1TX2B2bits = 0x348
                    0x034a                  C1TX2B3 = 0x34a
                    0x034a                  _C1TX2B3 = 0x34a
                    0x034a                  _C1TX2B3bits = 0x34a
                    0x034c                  C1TX2B4 = 0x34c
                    0x034c                  _C1TX2B4 = 0x34c
                    0x034c                  _C1TX2B4bits = 0x34c
                    0x034e                  C1TX2CON = 0x34e
                    0x034e                  _C1TX2CON = 0x34e
                    0x034e                  _C1TX2CONbits = 0x34e
                    0x0350                  C1TX1SID = 0x350
                    0x0350                  _C1TX1SID = 0x350
                    0x0350                  _C1TX1SIDbits = 0x350
                    0x0352                  C1TX1EID = 0x352
                    0x0352                  _C1TX1EID = 0x352
                    0x0352                  _C1TX1EIDbits = 0x352
                    0x0354                  C1TX1DLC = 0x354
                    0x0354                  _C1TX1DLC = 0x354
                    0x0354                  _C1TX1DLCbits = 0x354
                    0x0356                  C1TX1B1 = 0x356
                    0x0356                  _C1TX1B1 = 0x356
                    0x0356                  _C1TX1B1bits = 0x356
                    0x0358                  C1TX1B2 = 0x358
                    0x0358                  _C1TX1B2 = 0x358
                    0x0358                  _C1TX1B2bits = 0x358
                    0x035a                  C1TX1B3 = 0x35a
                    0x035a                  _C1TX1B3 = 0x35a
                    0x035a                  _C1TX1B3bits = 0x35a
                    0x035c                  C1TX1B4 = 0x35c
                    0x035c                  _C1TX1B4 = 0x35c
                    0x035c                  _C1TX1B4bits = 0x35c
                    0x035e                  C1TX1CON = 0x35e
                    0x035e                  _C1TX1CON = 0x35e
                    0x035e                  _C1TX1CONbits = 0x35e
                    0x0360                  C1TX0SID = 0x360
                    0x0360                  _C1TX0SID = 0x360
                    0x0360                  _C1TX0SIDbits = 0x360
                    0x0362                  C1TX0EID = 0x362
                    0x0362                  _C1TX0EID = 0x362
                    0x0362                  _C1TX0EIDbits = 0x362
                    0x0364                  C1TX0DLC = 0x364
                    0x0364                  _C1TX0DLC = 0x364
                    0x0364                  _C1TX0DLCbits = 0x364
                    0x0366                  C1TX0B1 = 0x366
                    0x0366                  _C1TX0B1 = 0x366
                    0x0366                  _C1TX0B1bits = 0x366
                    0x0368                  C1TX0B2 = 0x368
                    0x0368                  _C1TX0B2 = 0x368
                    0x0368                  _C1TX0B2bits = 0x368
                    0x036a                  C1TX0B3 = 0x36a
                    0x036a                  _C1TX0B3 = 0x36a
                    0x036a                  _C1TX0B3bits = 0x36a
                    0x036c                  C1TX0B4 = 0x36c
                    0x036c                  _C1TX0B4 = 0x36c
                    0x036c                  _C1TX0B4bits = 0x36c
                    0x036e                  C1TX0CON = 0x36e
                    0x036e                  _C1TX0CON = 0x36e
                    0x036e                  _C1TX0CONbits = 0x36e
                    0x0370                  C1RX1SID = 0x370
                    0x0370                  _C1RX1SID = 0x370
                    0x0370                  _C1RX1SIDbits = 0x370
                    0x0372                  C1RX1EID = 0x372
                    0x0372                  _C1RX1EID = 0x372
                    0x0372                  _C1RX1EIDbits = 0x372
                    0x0374                  C1RX1DLC = 0x374
                    0x0374                  _C1RX1DLC = 0x374
                    0x0374                  _C1RX1DLCbits = 0x374
                    0x0376                  C1RX1B1 = 0x376
                    0x0376                  _C1RX1B1 = 0x376
                    0x0376                  _C1RX1B1bits = 0x376
                    0x0378                  C1RX1B2 = 0x378
                    0x0378                  _C1RX1B2 = 0x378
                    0x0378                  _C1RX1B2bits = 0x378
                    0x037a                  C1RX1B3 = 0x37a
                    0x037a                  _C1RX1B3 = 0x37a
                    0x037a                  _C1RX1B3bits = 0x37a
                    0x037c                  C1RX1B4 = 0x37c
                    0x037c                  _C1RX1B4 = 0x37c
                    0x037c                  _C1RX1B4bits = 0x37c
                    0x037e                  C1RX1CON = 0x37e
                    0x037e                  _C1RX1CON = 0x37e
                    0x037e                  _C1RX1CONbits = 0x37e
                    0x0380                  C1RX0SID = 0x380
                    0x0380                  _C1RX0SID = 0x380
                    0x0380                  _C1RX0SIDbits = 0x380
                    0x0382                  C1RX0EID = 0x382
                    0x0382                  _C1RX0EID = 0x382
                    0x0382                  _C1RX0EIDbits = 0x382
                    0x0384                  C1RX0DLC = 0x384
                    0x0384                  _C1RX0DLC = 0x384
                    0x0384                  _C1RX0DLCbits = 0x384
                    0x0386                  C1RX0B1 = 0x386
                    0x0386                  _C1RX0B1 = 0x386
                    0x0386                  _C1RX0B1bits = 0x386
                    0x0388                  C1RX0B2 = 0x388
                    0x0388                  _C1RX0B2 = 0x388
                    0x0388                  _C1RX0B2bits = 0x388
                    0x038a                  C1RX0B3 = 0x38a
                    0x038a                  _C1RX0B3 = 0x38a
                    0x038a                  _C1RX0B3bits = 0x38a
                    0x038c                  C1RX0B4 = 0x38c
                    0x038c                  _C1RX0B4 = 0x38c
                    0x038c                  _C1RX0B4bits = 0x38c
                    0x038e                  C1RX0CON = 0x38e
                    0x038e                  _C1RX0CON = 0x38e
                    0x038e                  _C1RX0CONbits = 0x38e
                    0x0390                  C1CTRL = 0x390
                    0x0390                  _C1CTRL = 0x390
                    0x0390                  _C1CTRLbits = 0x390
                    0x0392                  C1CFG1 = 0x392
                    0x0392                  _C1CFG1 = 0x392
                    0x0392                  _C1CFG1bits = 0x392
                    0x0394                  C1CFG2 = 0x394
                    0x0394                  _C1CFG2 = 0x394
                    0x0394                  _C1CFG2bits = 0x394
                    0x0396                  C1INTF = 0x396
                    0x0396                  _C1INTF = 0x396
                    0x0396                  _C1INTFbits = 0x396
                    0x0398                  C1INTE = 0x398
                    0x0398                  _C1INTE = 0x398
                    0x0398                  _C1INTEbits = 0x398
                    0x039a                  C1EC = 0x39a
                    0x039a                  _C1EC = 0x39a
                    0x039a                  _C1ECbits = 0x39a
                    0x039a                  C1RERRCNT = 0x39a
                    0x039a                  _C1RERRCNT = 0x39a
                    0x039b                  C1TERRCNT = 0x39b
                    0x039b                  _C1TERRCNT = 0x39b
                    0x0740                  RCON = 0x740
                    0x0740                  _RCON = 0x740
                    0x0740                  _RCONbits = 0x740
                    0x0742                  OSCCON = 0x742
                    0x0742                  _OSCCON = 0x742
                    0x0742                  _OSCCONbits = 0x742
                    0x0742                  OSCCONL = 0x742
                    0x0742                  _OSCCONL = 0x742
                    0x0743                  OSCCONH = 0x743
                    0x0743                  _OSCCONH = 0x743
                    0x0760                  NVMCON = 0x760
                    0x0760                  _NVMCON = 0x760
                    0x0760                  _NVMCONbits = 0x760
                    0x0762                  NVMADR = 0x762
                    0x0762                  _NVMADR = 0x762
                    0x0764                  NVMADRU = 0x764
                    0x0764                  _NVMADRU = 0x764
                    0x0764                  _NVMADRUbits = 0x764
                    0x0766                  NVMKEY = 0x766
                    0x0766                  _NVMKEY = 0x766
                    0x0770                  PMD1 = 0x770
                    0x0770                  _PMD1 = 0x770
                    0x0770                  _PMD1bits = 0x770
                    0x0772                  PMD2 = 0x772
                    0x0772                  _PMD2 = 0x772
                    0x0772                  _PMD2bits = 0x772
                    0x0022                  ACCA = 0x22
                    0x0022                  _ACCA = 0x22
                    0x0028                  ACCB = 0x28
                    0x0028                  _ACCB = 0x28
                    0x0300                  CAN1 = 0x300
                    0x0300                  _CAN1 = 0x300
                    0x0140                  IC1 = 0x140
                    0x0140                  _IC1 = 0x140
                    0x0144                  IC2 = 0x144
                    0x0144                  _IC2 = 0x144
                    0x0158                  IC7 = 0x158
                    0x0158                  _IC7 = 0x158
                    0x015c                  IC8 = 0x15c
                    0x015c                  _IC8 = 0x15c
                    0x0180                  OC1 = 0x180
                    0x0180                  _OC1 = 0x180
                    0x0186                  OC2 = 0x186
                    0x0186                  _OC2 = 0x186
                    0x018c                  OC3 = 0x18c
                    0x018c                  _OC3 = 0x18c
                    0x0192                  OC4 = 0x192
                    0x0192                  _OC4 = 0x192
                    0x0220                  SPI1 = 0x220
                    0x0220                  _SPI1 = 0x220
                    0x020c                  UART1 = 0x20c
                    0x020c                  _UART1 = 0x20c
                    0x0216                  UART2 = 0x216
                    0x0216                  _UART2 = 0x216
START GROUP
LOAD c:/program files (x86)/microchip/xc16/v1.41/bin/bin/../../lib\liblega-pic30-elf.a
LOAD c:/program files (x86)/microchip/xc16/v1.41/bin/bin/../../lib\libm-elf.a
LOAD c:/program files (x86)/microchip/xc16/v1.41/bin/bin/../../lib\liblega-c-elf.a
END GROUP
OUTPUT(dist/default/production/DSPIC-BLDC.X.production.elf elf32-pic30)
LOAD /CW/_FGSÐmÍ
LOAD default_isr
LOAD data_init

.debug_pubtypes
                  0x000108        0x49d
 .debug_pubtypes
                  0x000108         0x42 build/default/production/system_config/system.o
 .debug_pubtypes
                  0x00014a         0x59 build/default/production/driver/MCPWM.o
 .debug_pubtypes
                  0x0001a3         0xc4 build/default/production/system_config/medium_event.o
 .debug_pubtypes
                  0x000267         0x4f build/default/production/system_config/slow_event.o
 .debug_pubtypes
                  0x0002b6         0x9b build/default/production/driver/adc.o
 .debug_pubtypes
                  0x000351         0xfb build/default/production/main_bldc.o
 .debug_pubtypes
                  0x00044c         0xde build/default/production/bldc.o
 .debug_pubtypes
                  0x00052a         0x3f build/default/production/system_config/turning.o
 .debug_pubtypes
                  0x000569         0x3c build/default/production/RTDM.o

__c30_signature
                  0x0005a5         0x7e
 __c30_signature
                  0x0005a5          0x6 build/default/production/system_config/system.o
 __c30_signature
                  0x0005ab          0x6 build/default/production/driver/MCPWM.o
 __c30_signature
                  0x0005b1          0x6 build/default/production/system_config/medium_event.o
 __c30_signature
                  0x0005b7          0x6 build/default/production/system_config/slow_event.o
 __c30_signature
                  0x0005bd          0x6 build/default/production/driver/adc.o
 __c30_signature
                  0x0005c3          0x6 build/default/production/main_bldc.o
 __c30_signature
                  0x0005c9          0x6 build/default/production/bldc.o
 __c30_signature
                  0x0005cf          0x6 build/default/production/system_config/turning.o
 __c30_signature
                  0x0005d5          0x6 build/default/production/RTDM.o
 __c30_signature
                  0x0005db          0x6 c:/program files (x86)/microchip/xc16/v1.41/bin/bin/../../lib/dsPIC30F\libp30F4011-elf.a(BusyUART2.o)
 __c30_signature
                  0x0005e1          0x6 c:/program files (x86)/microchip/xc16/v1.41/bin/bin/../../lib/dsPIC30F\libp30F4011-elf.a(CloseUART2.o)
 __c30_signature
                  0x0005e7          0x6 c:/program files (x86)/microchip/xc16/v1.41/bin/bin/../../lib/dsPIC30F\libp30F4011-elf.a(ConfigIntUART2.o)
 __c30_signature
                  0x0005ed          0x6 c:/program files (x86)/microchip/xc16/v1.41/bin/bin/../../lib/dsPIC30F\libp30F4011-elf.a(DataRdyUART2.o)
 __c30_signature
                  0x0005f3          0x6 c:/program files (x86)/microchip/xc16/v1.41/bin/bin/../../lib/dsPIC30F\libp30F4011-elf.a(OpenUART2.o)
 __c30_signature
                  0x0005f9          0x6 c:/program files (x86)/microchip/xc16/v1.41/bin/bin/../../lib/dsPIC30F\libp30F4011-elf.a(putsUART2.o)
 __c30_signature
                  0x0005ff          0x6 c:/program files (x86)/microchip/xc16/v1.41/bin/bin/../../lib/dsPIC30F\libp30F4011-elf.a(ReadUART2.o)
 __c30_signature
                  0x000605          0x6 c:/program files (x86)/microchip/xc16/v1.41/bin/bin/../../lib/dsPIC30F\libp30F4011-elf.a(WriteUART2.o)
 __c30_signature
                  0x00060b          0x6 c:/program files (x86)/microchip/xc16/v1.41/bin/bin/../../lib\liblega-pic30-elf.a(crt0_standard.o)
 __c30_signature
                  0x000611          0x6 c:/program files (x86)/microchip/xc16/v1.41/bin/bin/../../lib\liblega-pic30-elf.a(data_init_standard.o)
 __c30_signature
                  0x000617          0x6 c:/program files (x86)/microchip/xc16/v1.41/bin/bin/../../lib\libm-elf.a(udivsi3.eo)
 __c30_signature
                  0x00061d          0x6 c:/program files (x86)/microchip/xc16/v1.41/bin/bin/../../lib\liblega-c-elf.a(memset.XX_eo)

.nbss               0x0800        0x2dc
 .nbss              0x0800        0x208 build/default/production/main_bldc.o
                    0x0800                  _MyVariable
                    0x0802                  _Frequency
                    0x0804                  _Amplitude
                    0x0806                  _SnapShotBufferPlottedInDMCI
                    0x0a06                  _MyFlags
 .nbss              0x0a08         0x6c build/default/production/bldc.o
                    0x0a08                  _pot
                    0x0a0a                  _HallState
                    0x0a0c                  _Sector
                    0x0a0e                  _OldSector
                    0x0a10                  _vpha
                    0x0a12                  _vphb
                    0x0a14                  _vphc
                    0x0a16                  _vbus
                    0x0a18                  _Timer1TimeoutCntr
                    0x0a1a                  _phase_advance
                    0x0a1c                  _SpeedPtr
                    0x0a1e                  _RunMode
                    0x0a20                  _SensorlessStartState
                    0x0a22                  _MediumEventCounter
                    0x0a24                  _SlowEventCounter
                    0x0a26                  _UARTEventCounter
                    0x0a28                  _accumulator_c
                    0x0a2c                  _signal_average
                    0x0a2e                  _Speed
                    0x0a32                  _vpha_filtered_sample
                    0x0a34                  _vphb_filtered_sample
                    0x0a36                  _vphc_filtered_sample
                    0x0a38                  _NextSectorState
                    0x0a3a                  _SixtyDegreeTime
                    0x0a46                  _OneEightyDegreeTime
                    0x0a66                  _ControlFlags
                    0x0a68                  _pos_ptr
                    0x0a6a                  _TMR4Save
                    0x0a6c                  _DATA
                    0x0a6e                  _DATA2
 .nbss              0x0a74         0x38 build/default/production/system_config/turning.o
                    0x0a74                  _lock1_demand
                    0x0a76                  _lock2_demand
                    0x0a78                  _lock1_duration
                    0x0a7a                  _lock2_duration
                    0x0a7c                  _ramp_start_demand
                    0x0a7e                  _ramp_end_demand
                    0x0a80                  _ramp_duration
                    0x0a82                  _ramp_start_speed
                    0x0a84                  _ramp_end_speed
                    0x0a86                  _ramp_demand_rate
                    0x0a88                  _ramp_speed_rate
                    0x0a8a                  _speed_constant
                    0x0a8e                  _RPM_converter_constant
                    0x0a90                  _blanking_count_initial
                    0x0a92                  _phase_advance_start
                    0x0a94                  _phase_advance_slope
                    0x0a96                  _speed_max
                    0x0a98                  _PIDGainCoefficients
                    0x0a9e                  _PIDStructure
                    0x0aa8                  _SpeedControl_I
                    0x0aaa                  _SpeedControl_D
 .nbss              0x0aac         0x30 build/default/production/RTDM.o
                    0x0aac                  _RTDMRxBuffer
                    0x0acc                  _RTDMRxBufferStartMsgPointer
                    0x0ace                  _RTDMRxBufferEndMsgPointer
                    0x0ad0                  _RTDMcrcTemp
                    0x0ad2                  _RTDMcrcTempH
                    0x0ad4                  _RTDMcrcTempL
                    0x0ad6                  _RTDMFlags
                    0x0ad8                  _RTDM_UART_MODE_VALUE
                    0x0ada                  _RTDM_UART_STA_VALUE

.ndata              0x0adc         0x42
 .ndata             0x0adc         0x24 build/default/production/system_config/turning.o
                    0x0adc                  _Lock1Demand
                    0x0ade                  _Lock2Demand
                    0x0ae0                  _Lock1Duration
                    0x0ae2                  _Lock2Duration
                    0x0ae4                  _RampStartDemand
                    0x0ae6                  _RampEndDemand
                    0x0ae8                  _RampDuration
                    0x0aea                  _RampStartSpeed
                    0x0aec                  _RampEndSpeed
                    0x0aee                  _MaxMotorSpeed
                    0x0af0                  _BlankingCountInit
                    0x0af2                  _SpeedControl_P
                    0x0af4                  _PhaseAdvanceStart
                    0x0af6                  _PhaseAdvanceSlope
                    0x0af8                  _InitialDemand
                    0x0afa                  _NoOfMotorPoles
                    0x0afc                  _CrossOverERPS
                    0x0afe                  _NumOfTimer1TimeOuts
 .ndata             0x0b00         0x1e build/default/production/bldc.o
                    0x0b00                  _HalltoSector
                    0x0b10                  _SectortoState
                    0x0b1c                  _BlankingCount

.nbss               0x0b1e         0x16
 .nbss              0x0b1e         0x16 build/default/production/system_config/medium_event.o
                    0x0b1e                  _DegreesAdvanced
                    0x0b20                  _ElectricalSpeed

.ndata              0x0b34          0xe
 .ndata             0x0b34          0xe build/default/production/RTDM.o
                    0x0b34                  _RTDMRxBufferLoLimit
                    0x0b36                  _RTDMRxBufferHiLimit
                    0x0b38                  _RTDMRxBufferIndex
                    0x0b3a                  _RTDMErrorFrame

_046304E05de61ccf
                    0x0b42          0x6
 _046304E05de61ccf
                    0x0b42          0x6 build/default/production/system_config/turning.o
                    0x0b42                  _abcCoefficients

_046306005de61ccf
                    0x0ffa          0x6
 _046306005de61ccf
                    0x0ffa          0x6 build/default/production/system_config/turning.o
                    0x0ffa                  _controlHistory

.ndata              0x0b48          0x4
 .ndata             0x0b48          0x4 build/default/production/main_bldc.o
                    0x0b48                  _PointerToSnapShotBuffer
                    0x0b4a                  _PointerToSnapShotBufferUpperLimit

data                0x0b4c         0x3c
 data               0x0b4c         0x3c build/default/production/BEMF_filter.o
                    0x0b4c                  _BEMF_filterCoefs_81940Hz
                    0x0b6a                  _BEMF_filterCoefs_49152Hz

b                   0x0fd6         0x24
 b                  0x0fd6         0x24 build/default/production/BEMF_filter.o

.data               0x0b88         0x24
 .data              0x0b88         0x24 build/default/production/BEMF_filter.o
                    0x0b88                  _BEMF_phaseA_Filter
                    0x0b94                  _BEMF_phaseB_Filter
                    0x0ba0                  _BEMF_phaseC_Filter

.config_ICS       0xf8000c          0x2
 .config_ICS      0xf8000c          0x2 build/default/production/system_config/system.o

.config_MCLRE     0xf80004          0x2
 .config_MCLRE    0xf80004          0x2 build/default/production/system_config/system.o

.config_WDT       0xf80002          0x2
 .config_WDT      0xf80002          0x2 build/default/production/system_config/system.o

.config_FCKSMEN
                  0xf80000          0x2
 .config_FCKSMEN
                  0xf80000          0x2 build/default/production/system_config/system.o

.ivt._OscillatorFail
                  0x000006          0x2
 .ivt._OscillatorFail
                  0x000006          0x2 build/default/production/system_config/system.o

.ivt._AddressError
                  0x000008          0x2
 .ivt._AddressError
                  0x000008          0x2 build/default/production/system_config/system.o

.ivt._StackError
                  0x00000a          0x2
 .ivt._StackError
                  0x00000a          0x2 build/default/production/system_config/system.o

.ivt._MathError
                  0x00000c          0x2
 .ivt._MathError
                  0x00000c          0x2 build/default/production/system_config/system.o

.aivt._AltOscillatorFail
                  0x000086          0x2
 .aivt._AltOscillatorFail
                  0x000086          0x2 build/default/production/system_config/system.o

.aivt._AltAddressError
                  0x000088          0x2
 .aivt._AltAddressError
                  0x000088          0x2 build/default/production/system_config/system.o

.aivt._AltStackError
                  0x00008a          0x2
 .aivt._AltStackError
                  0x00008a          0x2 build/default/production/system_config/system.o

.aivt._AltMathError
                  0x00008c          0x2
 .aivt._AltMathError
                  0x00008c          0x2 build/default/production/system_config/system.o

.ivt._ADCInterrupt
                  0x00002a          0x2
 .ivt._ADCInterrupt
                  0x00002a          0x2 build/default/production/bldc.o

.ivt._T1Interrupt
                  0x00001a          0x2
 .ivt._T1Interrupt
                  0x00001a          0x2 build/default/production/bldc.o

.ivt._T2Interrupt
                  0x000020          0x2
 .ivt._T2Interrupt
                  0x000020          0x2 build/default/production/bldc.o

.ivt._T3Interrupt
                  0x000022          0x2
 .ivt._T3Interrupt
                  0x000022          0x2 build/default/production/bldc.o

.ivt._PWMInterrupt
                  0x000062          0x2
 .ivt._PWMInterrupt
                  0x000062          0x2 build/default/production/bldc.o

.ivt._U2RXInterrupt
                  0x000044          0x2
 .ivt._U2RXInterrupt
                  0x000044          0x2 build/default/production/RTDM.o

.const              0x852a         0x54 load address 0x00052a  
 .const             0x852a         0x34 build/default/production/system_config/turning.o
                    0x852a                  _PercentageLimits
                    0x852e                  _LockDurationLimits
                    0x8532                  _RampDurationLimits
                    0x8536                  _RampStartSpeedLimits
                    0x853a                  _RampEndSpeedLimits
                    0x853e                  _MaxMotorSpeedLimits
                    0x8542                  _BlankingCountInitLimits
                    0x8546                  _ControlTermLimits
                    0x854a                  _PhaseAdvanceStartLimits
                    0x854e                  _PhaseAdvanceSlopeLimits
                    0x8552                  _NoOfMotorPolesLimits
                    0x8556                  _CrossOverLimits
                    0x855a                  _NumOfTimer1TimeOutsLimits
 .const             0x855e         0x20 build/default/production/RTDM.o
                    0x855e                  _RTDMTxdata
                    0x8563                  _RTDMSanityCheckOK
                    0x856d                  _RTDMWriteMemoryOK
                    0x8575                  _RTDMErrorIllegalFunction

.text             0x00057e        0xe20
 .text            0x00057e        0x476 build/default/production/bldc.o
                  0x00057e                  _CheckZeroCrossing
                  0x000990                  _Commutate
                  0x0009ac                  _ThirtyDegreeTimeAverage
 .text            0x0009f4        0x38e build/default/production/system_config/medium_event.o
                  0x0009f4                  _MediumEvent
 .text            0x000d82        0x338 build/default/production/system_config/turning.o
                  0x000d82                  _GetParameters
 .text            0x0010ba        0x2e4 build/default/production/RTDM.o
                  0x0010ba                  _RTDM_Start
                  0x0010e8                  _CloseRTDM
                  0x0010f6                  _RTDM_ProcessMsgs
                  0x001330                  _RTDM_CumulativeCrc16

.dinit            0x00139e         0xd0
 .dinit           0x00139e         0xd0 data_init

.text             0x00146e        0x204
 .text            0x00146e         0xc4 build/default/production/main_bldc.o
                  0x00146e                  _main
                  0x0014fc                  _INIT_SYSTEMS
 .text            0x001532         0x74 build/default/production/system_config/slow_event.o
                  0x001532                  _SlowEvent
 .text            0x0015a6         0x72 build/default/production/IIR_Filter.o
                  0x0015a6                  _BlockIIRTransposeFilter
                  0x001608                  _IIRTransposeFilterInit
 .text            0x001618         0x34 build/default/production/driver/adc.o
                  0x001618                  _Init_ADC
 .text            0x00164c         0x26 build/default/production/driver/MCPWM.o
                  0x00164c                  _MCPWM_Initialize
